// Jest Snapshot v1, https://goo.gl/fbAQLP

exports[`should render LoginPage correctly 1`] = `
<section>
  <h1>
     Login 
  </h1>
  <button
    onClick={[Function]}
  >
     Login 
  </button>
</section>
`;
